ghcr.io/0xsero/glm53-flash-exl3-plain@sha256:85cb3fa86d31a781b94dcf10ee168adf096cfeaac14d2f1e6c560504e58e4eed: Pulling from 0xsero/glm53-flash-exl3-plain
76fd055477b6: Pulling fs layer
2ed23d91404d: Pulling fs layer
b69841cb303c: Pulling fs layer
f96e895ae754: Pulling fs layer
4f4fb700ef54: Pulling fs layer
4efc2d488f5a: Pulling fs layer
730c8029606b: Pulling fs layer
f96e895ae754: Waiting
4f4fb700ef54: Waiting
4efc2d488f5a: Waiting
1b32cf91a1bf: Pulling fs layer
639485f1f45f: Pulling fs layer
730c8029606b: Waiting
1b32cf91a1bf: Waiting
639485f1f45f: Waiting
063065dd5a0b: Pulling fs layer
1868124c7d5b: Pulling fs layer
063065dd5a0b: Waiting
9c6b8f5a26d7: Pulling fs layer
1868124c7d5b: Waiting
9c6b8f5a26d7: Waiting
17071d079121: Pulling fs layer
801ff5d640da: Pulling fs layer
e8c2734ef06a: Pulling fs layer
d75cb8b29b0c: Pulling fs layer
3a931ccb6e5a: Pulling fs layer
9703c7cee22d: Pulling fs layer
0656423336c5: Pulling fs layer
075958c1fc55: Pulling fs layer
d54ad43cef8e: Pulling fs layer
096c38f0473e: Pulling fs layer
7e2c3be7be24: Pulling fs layer
8312088cf565: Pulling fs layer
7c540334ef4c: Pulling fs layer
cbaf4b4c2fed: Pulling fs layer
96b29f062b7c: Pulling fs layer
2ea97854d60f: Pulling fs layer
cd82d38ebdf5: Pulling fs layer
d9eb1be28612: Pulling fs layer
17071d079121: Waiting
801ff5d640da: Waiting
e8c2734ef06a: Waiting
075958c1fc55: Waiting
d75cb8b29b0c: Waiting
3a931ccb6e5a: Waiting
0656423336c5: Waiting
9703c7cee22d: Waiting
d54ad43cef8e: Waiting
096c38f0473e: Waiting
7e2c3be7be24: Waiting
7c540334ef4c: Waiting
8312088cf565: Waiting
cbaf4b4c2fed: Waiting
2ea97854d60f: Waiting
96b29f062b7c: Waiting
cd82d38ebdf5: Waiting
d9eb1be28612: Waiting
7d03da67318a: Pulling fs layer
4f69b3f208fc: Pulling fs layer
58792c148202: Pulling fs layer
21b0dd7f3f0a: Pulling fs layer
b486b017a105: Pulling fs layer
4e480538f28e: Pulling fs layer
11f95335706e: Pulling fs layer
ce1729beffcd: Pulling fs layer
b486b017a105: Waiting
4e480538f28e: Waiting
11f95335706e: Waiting
7d03da67318a: Waiting
4f69b3f208fc: Waiting
58792c148202: Waiting
21b0dd7f3f0a: Waiting
ce1729beffcd: Waiting
013b14ca9a7b: Pulling fs layer
013b14ca9a7b: Waiting
7c37c397ba4c: Pulling fs layer
11b866a1af7f: Pulling fs layer
7c37c397ba4c: Waiting
d57b32d94761: Pulling fs layer
a961f2767580: Pulling fs layer
5faa90e145ed: Pulling fs layer
f44268e90e82: Pulling fs layer
58db4efd76b8: Pulling fs layer
9a4873165aaa: Pulling fs layer
11b866a1af7f: Waiting
d57b32d94761: Waiting
a961f2767580: Waiting
5faa90e145ed: Waiting
f44268e90e82: Waiting
58db4efd76b8: Waiting
0bd398559cac: Pulling fs layer
68bc0835bbef: Pulling fs layer
90ef76c17a28: Pulling fs layer
680a1fdd9329: Pulling fs layer
0bd398559cac: Waiting
9a4873165aaa: Waiting
68bc0835bbef: Waiting
90ef76c17a28: Waiting
680a1fdd9329: Waiting
fac7b3c3d8a6: Pulling fs layer
fa857483c027: Pulling fs layer
fac7b3c3d8a6: Waiting
fa857483c027: Waiting
43dfab1ef78f: Pulling fs layer
8989db8556e6: Pulling fs layer
d20e0f994b17: Pulling fs layer
43dfab1ef78f: Waiting
8989db8556e6: Waiting
66d6482d0ca5: Pulling fs layer
1eac80e3c955: Pulling fs layer
bef857fbb43a: Pulling fs layer
4d1b87151c89: Pulling fs layer
ac5d3aa24f6c: Pulling fs layer
d20e0f994b17: Waiting
8f4f167d3216: Pulling fs layer
5eb1a01b662b: Pulling fs layer
bef857fbb43a: Waiting
11ab0d7022ba: Pulling fs layer
66d6482d0ca5: Waiting
da5ffbe842cf: Pulling fs layer
4d1b87151c89: Waiting
ac5d3aa24f6c: Waiting
8f4f167d3216: Waiting
1eac80e3c955: Waiting
5eb1a01b662b: Waiting
11ab0d7022ba: Waiting
8e4713faea43: Pulling fs layer
c74d4cf9bd97: Pulling fs layer
e24421019161: Pulling fs layer
d930ed84f86d: Pulling fs layer
2f2617c8552a: Pulling fs layer
da5ffbe842cf: Waiting
e24421019161: Waiting
8e4713faea43: Waiting
c74d4cf9bd97: Waiting
d930ed84f86d: Waiting
481a0a2b98fe: Pulling fs layer
80ed15de08a1: Pulling fs layer
b8b0a22baa4e: Pulling fs layer
171dbd867038: Pulling fs layer
fa3d4d2742b2: Pulling fs layer
e70d4408b64d: Pulling fs layer
238d17d78302: Pulling fs layer
2f2617c8552a: Waiting
481a0a2b98fe: Waiting
80ed15de08a1: Waiting
b8b0a22baa4e: Waiting
fa3d4d2742b2: Waiting
171dbd867038: Waiting
e70d4408b64d: Waiting
238d17d78302: Waiting
6fa423d1e773: Pulling fs layer
e98a11382907: Pulling fs layer
86c877d30b41: Pulling fs layer
b68b7cf8e057: Pulling fs layer
803635b3615a: Pulling fs layer
43a2e288183d: Pulling fs layer
e147a34c6bf6: Pulling fs layer
a991964bb026: Pulling fs layer
2731cd732474: Pulling fs layer
380c363ae04c: Pulling fs layer
6d2be274fa59: Pulling fs layer
663c99f7721d: Pulling fs layer
e6b78ec25458: Pulling fs layer
93eff9166ff2: Pulling fs layer
baac8e34e4d6: Pulling fs layer
52220388fb7d: Pulling fs layer
6d029d2c86ba: Pulling fs layer
68b043af0757: Pulling fs layer
3bf94c2494e1: Pulling fs layer
f69747fc5d80: Pulling fs layer
ffabae65a5f5: Pulling fs layer
6fa423d1e773: Waiting
0eaf6284b00e: Pulling fs layer
4959a35e2d79: Pulling fs layer
e98a11382907: Waiting
66bbbaaeb37b: Pulling fs layer
86c877d30b41: Waiting
315d3c7513dd: Pulling fs layer
43a2e288183d: Waiting
96ccb0c14768: Pulling fs layer
803635b3615a: Waiting
3ecb90d9a342: Pulling fs layer
86ef7ce9e0a3: Pulling fs layer
e147a34c6bf6: Waiting
a991964bb026: Waiting
2731cd732474: Waiting
380c363ae04c: Waiting
6d2be274fa59: Waiting
663c99f7721d: Waiting
b68b7cf8e057: Waiting
e6b78ec25458: Waiting
52220388fb7d: Waiting
6d029d2c86ba: Waiting
93eff9166ff2: Waiting
baac8e34e4d6: Waiting
68b043af0757: Waiting
315d3c7513dd: Waiting
3bf94c2494e1: Waiting
f69747fc5d80: Waiting
96ccb0c14768: Waiting
4959a35e2d79: Waiting
ffabae65a5f5: Waiting
66bbbaaeb37b: Waiting
3ecb90d9a342: Waiting
0eaf6284b00e: Waiting
86ef7ce9e0a3: Waiting
b69841cb303c: Verifying Checksum
b69841cb303c: Download complete
2ed23d91404d: Verifying Checksum
2ed23d91404d: Download complete
4f4fb700ef54: Verifying Checksum
4f4fb700ef54: Download complete
76fd055477b6: Download complete
4efc2d488f5a: Download complete
730c8029606b: Verifying Checksum
730c8029606b: Download complete
639485f1f45f: Verifying Checksum
639485f1f45f: Download complete
76fd055477b6: Pull complete
2ed23d91404d: Pull complete
063065dd5a0b: Verifying Checksum
063065dd5a0b: Download complete
b69841cb303c: Pull complete
1868124c7d5b: Verifying Checksum
1868124c7d5b: Download complete
f96e895ae754: Verifying Checksum
f96e895ae754: Download complete
f96e895ae754: Pull complete
4f4fb700ef54: Pull complete
4efc2d488f5a: Pull complete
730c8029606b: Pull complete
17071d079121: Verifying Checksum
17071d079121: Download complete
801ff5d640da: Verifying Checksum
801ff5d640da: Download complete
e8c2734ef06a: Verifying Checksum
e8c2734ef06a: Download complete
d75cb8b29b0c: Download complete
3a931ccb6e5a: Verifying Checksum
3a931ccb6e5a: Download complete
9703c7cee22d: Verifying Checksum
9703c7cee22d: Download complete
0656423336c5: Download complete
075958c1fc55: Verifying Checksum
075958c1fc55: Download complete
d54ad43cef8e: Verifying Checksum
d54ad43cef8e: Download complete
096c38f0473e: Verifying Checksum
096c38f0473e: Download complete
1b32cf91a1bf: Verifying Checksum
1b32cf91a1bf: Download complete
8312088cf565: Verifying Checksum
8312088cf565: Download complete
7c540334ef4c: Verifying Checksum
7c540334ef4c: Download complete
cbaf4b4c2fed: Verifying Checksum
cbaf4b4c2fed: Download complete
96b29f062b7c: Download complete
1b32cf91a1bf: Pull complete
639485f1f45f: Pull complete
063065dd5a0b: Pull complete
1868124c7d5b: Pull complete
7e2c3be7be24: Verifying Checksum
7e2c3be7be24: Download complete
cd82d38ebdf5: Verifying Checksum
cd82d38ebdf5: Download complete
d9eb1be28612: Download complete
7d03da67318a: Verifying Checksum
7d03da67318a: Download complete
9c6b8f5a26d7: Retrying in 5 seconds
9c6b8f5a26d7: Retrying in 4 seconds
9c6b8f5a26d7: Retrying in 3 seconds
9c6b8f5a26d7: Retrying in 2 seconds
9c6b8f5a26d7: Retrying in 1 second
9c6b8f5a26d7: Verifying Checksum
9c6b8f5a26d7: Download complete
58792c148202: Verifying Checksum
58792c148202: Download complete
21b0dd7f3f0a: Verifying Checksum
21b0dd7f3f0a: Download complete
b486b017a105: Verifying Checksum
b486b017a105: Download complete
4e480538f28e: Verifying Checksum
4e480538f28e: Download complete
11f95335706e: Verifying Checksum
11f95335706e: Download complete
9c6b8f5a26d7: Pull complete
17071d079121: Pull complete
801ff5d640da: Pull complete
e8c2734ef06a: Pull complete
d75cb8b29b0c: Pull complete
ce1729beffcd: Download complete
013b14ca9a7b: Verifying Checksum
013b14ca9a7b: Download complete
7c37c397ba4c: Verifying Checksum
7c37c397ba4c: Download complete
11b866a1af7f: Verifying Checksum
11b866a1af7f: Download complete
d57b32d94761: Verifying Checksum
d57b32d94761: Download complete
3a931ccb6e5a: Pull complete
9703c7cee22d: Pull complete
0656423336c5: Pull complete
075958c1fc55: Pull complete
d54ad43cef8e: Pull complete
a961f2767580: Verifying Checksum
a961f2767580: Download complete
096c38f0473e: Pull complete
7e2c3be7be24: Pull complete
8312088cf565: Pull complete
7c540334ef4c: Pull complete
cbaf4b4c2fed: Pull complete
96b29f062b7c: Pull complete
5faa90e145ed: Verifying Checksum
5faa90e145ed: Download complete
f44268e90e82: Verifying Checksum
f44268e90e82: Download complete
58db4efd76b8: Verifying Checksum
58db4efd76b8: Download complete
4f69b3f208fc: Verifying Checksum
4f69b3f208fc: Download complete
0bd398559cac: Verifying Checksum
0bd398559cac: Download complete
68bc0835bbef: Verifying Checksum
68bc0835bbef: Download complete
90ef76c17a28: Download complete
680a1fdd9329: Verifying Checksum
680a1fdd9329: Download complete
fac7b3c3d8a6: Download complete
fa857483c027: Download complete
43dfab1ef78f: Verifying Checksum
43dfab1ef78f: Download complete
2ea97854d60f: Retrying in 5 seconds
2ea97854d60f: Retrying in 4 seconds
8989db8556e6: Verifying Checksum
8989db8556e6: Download complete
2ea97854d60f: Retrying in 3 seconds
d20e0f994b17: Download complete
2ea97854d60f: Retrying in 2 seconds
2ea97854d60f: Retrying in 1 second
66d6482d0ca5: Verifying Checksum
66d6482d0ca5: Download complete
9a4873165aaa: Verifying Checksum
9a4873165aaa: Download complete
1eac80e3c955: Verifying Checksum
1eac80e3c955: Download complete
4d1b87151c89: Verifying Checksum
4d1b87151c89: Download complete
ac5d3aa24f6c: Verifying Checksum
ac5d3aa24f6c: Download complete
8f4f167d3216: Verifying Checksum
8f4f167d3216: Download complete
2ea97854d60f: Verifying Checksum
2ea97854d60f: Download complete
5eb1a01b662b: Verifying Checksum
5eb1a01b662b: Download complete
11ab0d7022ba: Verifying Checksum
11ab0d7022ba: Download complete
da5ffbe842cf: Download complete
c74d4cf9bd97: Verifying Checksum
c74d4cf9bd97: Download complete
8e4713faea43: Verifying Checksum
8e4713faea43: Download complete
d930ed84f86d: Verifying Checksum
d930ed84f86d: Download complete
2f2617c8552a: Verifying Checksum
2f2617c8552a: Download complete
481a0a2b98fe: Verifying Checksum
481a0a2b98fe: Download complete
80ed15de08a1: Verifying Checksum
80ed15de08a1: Download complete
b8b0a22baa4e: Verifying Checksum
b8b0a22baa4e: Download complete
171dbd867038: Verifying Checksum
171dbd867038: Download complete
fa3d4d2742b2: Verifying Checksum
fa3d4d2742b2: Download complete
e70d4408b64d: Verifying Checksum
e70d4408b64d: Download complete
238d17d78302: Verifying Checksum
238d17d78302: Download complete
6fa423d1e773: Verifying Checksum
6fa423d1e773: Download complete
e98a11382907: Verifying Checksum
e98a11382907: Download complete
86c877d30b41: Verifying Checksum
86c877d30b41: Download complete
b68b7cf8e057: Verifying Checksum
b68b7cf8e057: Download complete
803635b3615a: Verifying Checksum
803635b3615a: Download complete
43a2e288183d: Verifying Checksum
43a2e288183d: Download complete
e147a34c6bf6: Verifying Checksum
e147a34c6bf6: Download complete
a991964bb026: Verifying Checksum
a991964bb026: Download complete
2731cd732474: Verifying Checksum
2731cd732474: Download complete
380c363ae04c: Verifying Checksum
380c363ae04c: Download complete
6d2be274fa59: Verifying Checksum
6d2be274fa59: Download complete
e24421019161: Verifying Checksum
e24421019161: Download complete
663c99f7721d: Verifying Checksum
663c99f7721d: Download complete
e6b78ec25458: Verifying Checksum
e6b78ec25458: Download complete
93eff9166ff2: Verifying Checksum
93eff9166ff2: Download complete
52220388fb7d: Download complete
6d029d2c86ba: Verifying Checksum
6d029d2c86ba: Download complete
68b043af0757: Download complete
3bf94c2494e1: Verifying Checksum
3bf94c2494e1: Download complete
f69747fc5d80: Verifying Checksum
f69747fc5d80: Download complete
ffabae65a5f5: Verifying Checksum
ffabae65a5f5: Download complete
0eaf6284b00e: Verifying Checksum
0eaf6284b00e: Download complete
4959a35e2d79: Verifying Checksum
4959a35e2d79: Download complete
66bbbaaeb37b: Verifying Checksum
66bbbaaeb37b: Download complete
315d3c7513dd: Verifying Checksum
315d3c7513dd: Download complete
96ccb0c14768: Verifying Checksum
96ccb0c14768: Download complete
3ecb90d9a342: Verifying Checksum
3ecb90d9a342: Download complete
86ef7ce9e0a3: Verifying Checksum
86ef7ce9e0a3: Download complete
bef857fbb43a: Verifying Checksum
bef857fbb43a: Download complete
2ea97854d60f: Pull complete
cd82d38ebdf5: Pull complete
d9eb1be28612: Pull complete
7d03da67318a: Pull complete
baac8e34e4d6: Verifying Checksum
baac8e34e4d6: Download complete
4f69b3f208fc: Pull complete
58792c148202: Pull complete
21b0dd7f3f0a: Pull complete
b486b017a105: Pull complete
4e480538f28e: Pull complete
11f95335706e: Pull complete
ce1729beffcd: Pull complete
013b14ca9a7b: Pull complete
7c37c397ba4c: Pull complete
11b866a1af7f: Pull complete
d57b32d94761: Pull complete
a961f2767580: Pull complete
5faa90e145ed: Pull complete
f44268e90e82: Pull complete
58db4efd76b8: Pull complete
9a4873165aaa: Pull complete
0bd398559cac: Pull complete
68bc0835bbef: Pull complete
90ef76c17a28: Pull complete
680a1fdd9329: Pull complete
fac7b3c3d8a6: Pull complete
fa857483c027: Pull complete
43dfab1ef78f: Pull complete
8989db8556e6: Pull complete
d20e0f994b17: Pull complete
66d6482d0ca5: Pull complete
1eac80e3c955: Pull complete
bef857fbb43a: Pull complete
4d1b87151c89: Pull complete
ac5d3aa24f6c: Pull complete
8f4f167d3216: Pull complete
5eb1a01b662b: Pull complete
11ab0d7022ba: Pull complete
da5ffbe842cf: Pull complete
8e4713faea43: Pull complete
c74d4cf9bd97: Pull complete
e24421019161: Pull complete
d930ed84f86d: Pull complete
2f2617c8552a: Pull complete
481a0a2b98fe: Pull complete
80ed15de08a1: Pull complete
b8b0a22baa4e: Pull complete
171dbd867038: Pull complete
fa3d4d2742b2: Pull complete
e70d4408b64d: Pull complete
238d17d78302: Pull complete
6fa423d1e773: Pull complete
e98a11382907: Pull complete
86c877d30b41: Pull complete
b68b7cf8e057: Pull complete
803635b3615a: Pull complete
43a2e288183d: Pull complete
e147a34c6bf6: Pull complete
a991964bb026: Pull complete
2731cd732474: Pull complete
380c363ae04c: Pull complete
6d2be274fa59: Pull complete
663c99f7721d: Pull complete
e6b78ec25458: Pull complete
93eff9166ff2: Pull complete
baac8e34e4d6: Pull complete
52220388fb7d: Pull complete
6d029d2c86ba: Pull complete
68b043af0757: Pull complete
3bf94c2494e1: Pull complete
f69747fc5d80: Pull complete
ffabae65a5f5: Pull complete
0eaf6284b00e: Pull complete
4959a35e2d79: Pull complete
66bbbaaeb37b: Pull complete
315d3c7513dd: Pull complete
96ccb0c14768: Pull complete
3ecb90d9a342: Pull complete
86ef7ce9e0a3: Pull complete
Digest: sha256:85cb3fa86d31a781b94dcf10ee168adf096cfeaac14d2f1e6c560504e58e4eed
Status: Downloaded newer image for ghcr.io/0xsero/glm53-flash-exl3-plain@sha256:85cb3fa86d31a781b94dcf10ee168adf096cfeaac14d2f1e6c560504e58e4eed
ghcr.io/0xsero/glm53-flash-exl3-plain@sha256:85cb3fa86d31a781b94dcf10ee168adf096cfeaac14d2f1e6c560504e58e4eed
