  model-00001-of-00015.safetensors: 6422 tensors ok, 0 problems [136s]
  model-00002-of-00015.safetensors: 7983 tensors ok, 0 problems [136s]
  model-00003-of-00015.safetensors: 7989 tensors ok, 0 problems [136s]
  model-00004-of-00015.safetensors: 7839 tensors ok, 0 problems [136s]
  model-00005-of-00015.safetensors: 8043 tensors ok, 0 problems [136s]
  model-00006-of-00015.safetensors: 7911 tensors ok, 0 problems [136s]
  model-00007-of-00015.safetensors: 7922 tensors ok, 0 problems [136s]
  model-00008-of-00015.safetensors: 8050 tensors ok, 0 problems [136s]
  model-00009-of-00015.safetensors: 7887 tensors ok, 0 problems [136s]
  model-00010-of-00015.safetensors: 7959 tensors ok, 0 problems [136s]
  model-00011-of-00015.safetensors: 8001 tensors ok, 0 problems [136s]
  model-00012-of-00015.safetensors: 7947 tensors ok, 0 problems [136s]
  model-00013-of-00015.safetensors: 7983 tensors ok, 0 problems [136s]
  model-00014-of-00015.safetensors: 7519 tensors ok, 0 problems [136s]
  model-00015-of-00015.safetensors: 2281 tensors ok, 0 problems [136s]
{
 "schema": "dynamic-container-g2-v1",
 "point_id": "T216",
 "plan_sha256": "4e4d8973661b414cb0f2bc8496e756d41b25f1dd6a8e2299d5bcb97c574f492a",
 "pass": true,
 "expert_bytes_from_headers": 9474060,
 "router_row_bytes_from_headers": 8196,
 "expected_index_total_size": 96485484504,
 "extra_index_files": [
  "kpool_aux.safetensors",
  "mtp.safetensors"
 ],
 "extra_index_tensor_bytes": 2873724964,
 "index_total_size": 96485484504,
 "tensors_verified": 111736,
 "bytes_verified": 93611759540,
 "problems": [],
 "elapsed_s": 140.4,
 "finished_utc": "2026-09-13T23:32:26Z"
}
