W0912 09:03:14.772000 1 torch/utils/cpp_extension.py:178] No CUDA runtime is found, using CUDA_HOME='/usr/local/cuda'
INFO 09-12 09:03:17 [import_utils.py:478] DeepEP v2 requires NCCL >= 2.30.4 but found 2.29.7. deepep_v2 backend will not be available.
{
  "state": "ACTUAL_INSTALLED_CANDIDATE_CONSTRUCTION_PASS",
  "negative_old_D2C1_reproduced": true,
  "configs": 16,
  "role_checks": 44,
  "cuda_initialized": false,
  "rows": [
    {
      "depth": 1,
      "slots": 1,
      "role": "target",
      "capture_sizes": [
        2
      ],
      "actual_descriptors": [
        {
          "num_tokens": 2,
          "num_reqs": 1,
          "uniform_token_count": 2
        }
      ]
    },
    {
      "depth": 1,
      "slots": 1,
      "role": "draft_prefill",
      "capture_sizes": [
        2
      ],
      "actual_descriptors": [
        {
          "num_tokens": 2,
          "num_reqs": 1,
          "uniform_token_count": 2
        }
      ]
    },
    {
      "depth": 1,
      "slots": 2,
      "role": "target",
      "capture_sizes": [
        2,
        4
      ],
      "actual_descriptors": [
        {
          "num_tokens": 4,
          "num_reqs": 2,
          "uniform_token_count": 2
        },
        {
          "num_tokens": 2,
          "num_reqs": 1,
          "uniform_token_count": 2
        }
      ]
    },
    {
      "depth": 1,
      "slots": 2,
      "role": "draft_prefill",
      "capture_sizes": [
        2,
        4
      ],
      "actual_descriptors": [
        {
          "num_tokens": 4,
          "num_reqs": 2,
          "uniform_token_count": 2
        },
        {
          "num_tokens": 2,
          "num_reqs": 1,
          "uniform_token_count": 2
        }
      ]
    },
    {
      "depth": 1,
      "slots": 4,
      "role": "target",
      "capture_sizes": [
        2,
        4,
        6,
        8
      ],
      "actual_descriptors": [
        {
          "num_tokens": 8,
          "num_reqs": 4,
          "uniform_token_count": 2
        },
        {
          "num_tokens": 6,
          "num_reqs": 3,
          "uniform_token_count": 2
        },
        {
          "num_tokens": 4,
          "num_reqs": 2,
          "uniform_token_count": 2
        },
        {
          "num_tokens": 2,
          "num_reqs": 1,
          "uniform_token_count": 2
        }
      ]
    },
    {
      "depth": 1,
      "slots": 4,
      "role": "draft_prefill",
      "capture_sizes": [
        2,
        4,
        6,
        8
      ],
      "actual_descriptors": [
        {
          "num_tokens": 8,
          "num_reqs": 4,
          "uniform_token_count": 2
        },
        {
          "num_tokens": 4,
          "num_reqs": 2,
          "uniform_token_count": 2
        },
        {
          "num_tokens": 2,
          "num_reqs": 1,
          "uniform_token_count": 2
        }
      ]
    },
    {
      "depth": 1,
      "slots": 8,
      "role": "target",
      "capture_sizes": [
        2,
        4,
        6,
        8,
        10,
        12,
        14,
        16
      ],
      "actual_descriptors": [
        {
          "num_tokens": 16,
          "num_reqs": 8,
          "uniform_token_count": 2
        },
        {
          "num_tokens": 14,
          "num_reqs": 7,
          "uniform_token_count": 2
        },
        {
          "num_tokens": 12,
          "num_reqs": 6,
          "uniform_token_count": 2
        },
        {
          "num_tokens": 10,
          "num_reqs": 5,
          "uniform_token_count": 2
        },
        {
          "num_tokens": 8,
          "num_reqs": 4,
          "uniform_token_count": 2
        },
        {
          "num_tokens": 6,
          "num_reqs": 3,
          "uniform_token_count": 2
        },
        {
          "num_tokens": 4,
          "num_reqs": 2,
          "uniform_token_count": 2
        },
        {
          "num_tokens": 2,
          "num_reqs": 1,
          "uniform_token_count": 2
        }
      ]
    },
    {
      "depth": 1,
      "slots": 8,
      "role": "draft_prefill",
      "capture_sizes": [
        2,
        4,
        6,
        8,
        10,
        12,
        14,
        16
      ],
      "actual_descriptors": [
        {
          "num_tokens": 16,
          "num_reqs": 8,
          "uniform_token_count": 2
        },
        {
          "num_tokens": 8,
          "num_reqs": 4,
          "uniform_token_count": 2
        },
        {
          "num_tokens": 4,
          "num_reqs": 2,
          "uniform_token_count": 2
        },
        {
          "num_tokens": 2,
          "num_reqs": 1,
          "uniform_token_count": 2
        }
      ]
    },
    {
      "depth": 2,
      "slots": 1,
      "role": "target",
      "capture_sizes": [
        1,
        3
      ],
      "actual_descriptors": [
        {
          "num_tokens": 3,
          "num_reqs": 1,
          "uniform_token_count": 3
        }
      ]
    },
    {
      "depth": 2,
      "slots": 1,
      "role": "draft_prefill",
      "capture_sizes": [
        1,
        3
      ],
      "actual_descriptors": [
        {
          "num_tokens": 3,
          "num_reqs": 1,
          "uniform_token_count": 3
        }
      ]
    },
    {
      "depth": 2,
      "slots": 1,
      "role": "draft_decode",
      "capture_sizes": [
        1,
        3
      ],
      "actual_descriptors": [
        {
          "num_tokens": 1,
          "num_reqs": 1,
          "uniform_token_count": 1
        }
      ]
    },
    {
      "depth": 2,
      "slots": 2,
      "role": "target",
      "capture_sizes": [
        1,
        2,
        3,
        6
      ],
      "actual_descriptors": [
        {
          "num_tokens": 6,
          "num_reqs": 2,
          "uniform_token_count": 3
        },
        {
          "num_tokens": 3,
          "num_reqs": 1,
          "uniform_token_count": 3
        }
      ]
    },
    {
      "depth": 2,
      "slots": 2,
      "role": "draft_prefill",
      "capture_sizes": [
        1,
        2,
        3,
        6
      ],
      "actual_descriptors": [
        {
          "num_tokens": 6,
          "num_reqs": 2,
          "uniform_token_count": 3
        },
        {
          "num_tokens": 3,
          "num_reqs": 1,
          "uniform_token_count": 3
        }
      ]
    },
    {
      "depth": 2,
      "slots": 2,
      "role": "draft_decode",
      "capture_sizes": [
        1,
        2,
        3,
        6
      ],
      "actual_descriptors": [
        {
          "num_tokens": 2,
          "num_reqs": 2,
          "uniform_token_count": 1
        },
        {
          "num_tokens": 1,
          "num_reqs": 1,
          "uniform_token_count": 1
        }
      ]
    },
    {
      "depth": 2,
      "slots": 4,
      "role": "target",
      "capture_sizes": [
        1,
        2,
        3,
        4,
        6,
        9,
        12
      ],
      "actual_descriptors": [
        {
          "num_tokens": 12,
          "num_reqs": 4,
          "uniform_token_count": 3
        },
        {
          "num_tokens": 9,
          "num_reqs": 3,
          "uniform_token_count": 3
        },
        {
          "num_tokens": 6,
          "num_reqs": 2,
          "uniform_token_count": 3
        },
        {
          "num_tokens": 3,
          "num_reqs": 1,
          "uniform_token_count": 3
        }
      ]
    },
    {
      "depth": 2,
      "slots": 4,
      "role": "draft_prefill",
      "capture_sizes": [
        1,
        2,
        3,
        4,
        6,
        9,
        12
      ],
      "actual_descriptors": [
        {
          "num_tokens": 12,
          "num_reqs": 4,
          "uniform_token_count": 3
        },
        {
          "num_tokens": 6,
          "num_reqs": 2,
          "uniform_token_count": 3
        },
        {
          "num_tokens": 3,
          "num_reqs": 1,
          "uniform_token_count": 3
        }
      ]
    },
    {
      "depth": 2,
      "slots": 4,
      "role": "draft_decode",
      "capture_sizes": [
        1,
        2,
        3,
        4,
        6,
        9,
        12
      ],
      "actual_descriptors": [
        {
          "num_tokens": 4,
          "num_reqs": 4,
          "uniform_token_count": 1
        },
        {
          "num_tokens": 2,
          "num_reqs": 2,
          "uniform_token_count": 1
        },
        {
          "num_tokens": 1,
          "num_reqs": 1,
          "uniform_token_count": 1
        }
      ]
    },
    {
      "depth": 2,
      "slots": 8,
      "role": "target",
      "capture_sizes": [
        1,
        2,
        3,
        4,
        5,
        6,
        7,
        8,
        9,
        12,
        15,
        18,
        21,
        24
      ],
      "actual_descriptors": [
        {
          "num_tokens": 24,
          "num_reqs": 8,
          "uniform_token_count": 3
        },
        {
          "num_tokens": 21,
          "num_reqs": 7,
          "uniform_token_count": 3
        },
        {
          "num_tokens": 18,
          "num_reqs": 6,
          "uniform_token_count": 3
        },
        {
          "num_tokens": 15,
          "num_reqs": 5,
          "uniform_token_count": 3
        },
        {
          "num_tokens": 12,
          "num_reqs": 4,
          "uniform_token_count": 3
        },
        {
          "num_tokens": 9,
          "num_reqs": 3,
          "uniform_token_count": 3
        },
        {
          "num_tokens": 6,
          "num_reqs": 2,
          "uniform_token_count": 3
        },
        {
          "num_tokens": 3,
          "num_reqs": 1,
          "uniform_token_count": 3
        }
      ]
    },
    {
      "depth": 2,
      "slots": 8,
      "role": "draft_prefill",
      "capture_sizes": [
        1,
        2,
        3,
        4,
        5,
        6,
        7,
        8,
        9,
        12,
        15,
        18,
        21,
        24
      ],
      "actual_descriptors": [
        {
          "num_tokens": 24,
          "num_reqs": 8,
          "uniform_token_count": 3
        },
        {
          "num_tokens": 12,
          "num_reqs": 4,
          "uniform_token_count": 3
        },
        {
          "num_tokens": 6,
          "num_reqs": 2,
          "uniform_token_count": 3
        },
        {
          "num_tokens": 3,
          "num_reqs": 1,
          "uniform_token_count": 3
        }
      ]
    },
    {
      "depth": 2,
      "slots": 8,
      "role": "draft_decode",
      "capture_sizes": [
        1,
        2,
        3,
        4,
        5,
        6,
        7,
        8,
        9,
        12,
        15,
        18,
        21,
        24
      ],
      "actual_descriptors": [
        {
          "num_tokens": 8,
          "num_reqs": 8,
          "uniform_token_count": 1
        },
        {
          "num_tokens": 4,
          "num_reqs": 4,
          "uniform_token_count": 1
        },
        {
          "num_tokens": 2,
          "num_reqs": 2,
          "uniform_token_count": 1
        },
        {
          "num_tokens": 1,
          "num_reqs": 1,
          "uniform_token_count": 1
        }
      ]
    },
    {
      "depth": 3,
      "slots": 1,
      "role": "target",
      "capture_sizes": [
        1,
        4
      ],
      "actual_descriptors": [
        {
          "num_tokens": 4,
          "num_reqs": 1,
          "uniform_token_count": 4
        }
      ]
    },
    {
      "depth": 3,
      "slots": 1,
      "role": "draft_prefill",
      "capture_sizes": [
        1,
        4
      ],
      "actual_descriptors": [
        {
          "num_tokens": 4,
          "num_reqs": 1,
          "uniform_token_count": 4
        }
      ]
    },
    {
      "depth": 3,
      "slots": 1,
      "role": "draft_decode",
      "capture_sizes": [
        1,
        4
      ],
      "actual_descriptors": [
        {
          "num_tokens": 1,
          "num_reqs": 1,
          "uniform_token_count": 1
        }
      ]
    },
    {
      "depth": 3,
      "slots": 2,
      "role": "target",
      "capture_sizes": [
        1,
        2,
        4,
        8
      ],
      "actual_descriptors": [
        {
          "num_tokens": 8,
          "num_reqs": 2,
          "uniform_token_count": 4
        },
        {
          "num_tokens": 4,
          "num_reqs": 1,
          "uniform_token_count": 4
        }
      ]
    },
    {
      "depth": 3,
      "slots": 2,
      "role": "draft_prefill",
      "capture_sizes": [
        1,
        2,
        4,
        8
      ],
      "actual_descriptors": [
        {
          "num_tokens": 8,
          "num_reqs": 2,
          "uniform_token_count": 4
        },
        {
          "num_tokens": 4,
          "num_reqs": 1,
          "uniform_token_count": 4
        }
      ]
    },
    {
      "depth": 3,
      "slots": 2,
      "role": "draft_decode",
      "capture_sizes": [
        1,
        2,
        4,
        8
      ],
      "actual_descriptors": [
        {
          "num_tokens": 2,
          "num_reqs": 2,
          "uniform_token_count": 1
        },
        {
          "num_tokens": 1,
          "num_reqs": 1,
          "uniform_token_count": 1
        }
      ]
    },
    {
      "depth": 3,
      "slots": 4,
      "role": "target",
      "capture_sizes": [
        1,
        2,
        3,
        4,
        8,
        12,
        16
      ],
      "actual_descriptors": [
        {
          "num_tokens": 16,
          "num_reqs": 4,
          "uniform_token_count": 4
        },
        {
          "num_tokens": 12,
          "num_reqs": 3,
          "uniform_token_count": 4
        },
        {
          "num_tokens": 8,
          "num_reqs": 2,
          "uniform_token_count": 4
        },
        {
          "num_tokens": 4,
          "num_reqs": 1,
          "uniform_token_count": 4
        }
      ]
    },
    {
      "depth": 3,
      "slots": 4,
      "role": "draft_prefill",
      "capture_sizes": [
        1,
        2,
        3,
        4,
        8,
        12,
        16
      ],
      "actual_descriptors": [
        {
          "num_tokens": 16,
          "num_reqs": 4,
          "uniform_token_count": 4
        },
        {
          "num_tokens": 8,
          "num_reqs": 2,
          "uniform_token_count": 4
        },
        {
          "num_tokens": 4,
          "num_reqs": 1,
          "uniform_token_count": 4
        }
      ]
    },
    {
      "depth": 3,
      "slots": 4,
      "role": "draft_decode",
      "capture_sizes": [
        1,
        2,
        3,
        4,
        8,
        12,
        16
      ],
      "actual_descriptors": [
        {
          "num_tokens": 4,
          "num_reqs": 4,
          "uniform_token_count": 1
        },
        {
          "num_tokens": 2,
          "num_reqs": 2,
          "uniform_token_count": 1
        },
        {
          "num_tokens": 1,
          "num_reqs": 1,
          "uniform_token_count": 1
        }
      ]
    },
    {
      "depth": 3,
      "slots": 8,
      "role": "target",
      "capture_sizes": [
        1,
        2,
        3,
        4,
        5,
        6,
        7,
        8,
        12,
        16,
        20,
        24,
        28,
        32
      ],
      "actual_descriptors": [
        {
          "num_tokens": 32,
          "num_reqs": 8,
          "uniform_token_count": 4
        },
        {
          "num_tokens": 28,
          "num_reqs": 7,
          "uniform_token_count": 4
        },
        {
          "num_tokens": 24,
          "num_reqs": 6,
          "uniform_token_count": 4
        },
        {
          "num_tokens": 20,
          "num_reqs": 5,
          "uniform_token_count": 4
        },
        {
          "num_tokens": 16,
          "num_reqs": 4,
          "uniform_token_count": 4
        },
        {
          "num_tokens": 12,
          "num_reqs": 3,
          "uniform_token_count": 4
        },
        {
          "num_tokens": 8,
          "num_reqs": 2,
          "uniform_token_count": 4
        },
        {
          "num_tokens": 4,
          "num_reqs": 1,
          "uniform_token_count": 4
        }
      ]
    },
    {
      "depth": 3,
      "slots": 8,
      "role": "draft_prefill",
      "capture_sizes": [
        1,
        2,
        3,
        4,
        5,
        6,
        7,
        8,
        12,
        16,
        20,
        24,
        28,
        32
      ],
      "actual_descriptors": [
        {
          "num_tokens": 32,
          "num_reqs": 8,
          "uniform_token_count": 4
        },
        {
          "num_tokens": 16,
          "num_reqs": 4,
          "uniform_token_count": 4
        },
        {
          "num_tokens": 8,
          "num_reqs": 2,
          "uniform_token_count": 4
        },
        {
          "num_tokens": 4,
          "num_reqs": 1,
          "uniform_token_count": 4
        }
      ]
    },
    {
      "depth": 3,
      "slots": 8,
      "role": "draft_decode",
      "capture_sizes": [
        1,
        2,
        3,
        4,
        5,
        6,
        7,
        8,
        12,
        16,
        20,
        24,
        28,
        32
      ],
      "actual_descriptors": [
        {
          "num_tokens": 8,
          "num_reqs": 8,
          "uniform_token_count": 1
        },
        {
          "num_tokens": 4,
          "num_reqs": 4,
          "uniform_token_count": 1
        },
        {
          "num_tokens": 2,
          "num_reqs": 2,
          "uniform_token_count": 1
        },
        {
          "num_tokens": 1,
          "num_reqs": 1,
          "uniform_token_count": 1
        }
      ]
    },
    {
      "depth": 5,
      "slots": 1,
      "role": "target",
      "capture_sizes": [
        1,
        6
      ],
      "actual_descriptors": [
        {
          "num_tokens": 6,
          "num_reqs": 1,
          "uniform_token_count": 6
        }
      ]
    },
    {
      "depth": 5,
      "slots": 1,
      "role": "draft_prefill",
      "capture_sizes": [
        1,
        6
      ],
      "actual_descriptors": [
        {
          "num_tokens": 6,
          "num_reqs": 1,
          "uniform_token_count": 6
        }
      ]
    },
    {
      "depth": 5,
      "slots": 1,
      "role": "draft_decode",
      "capture_sizes": [
        1,
        6
      ],
      "actual_descriptors": [
        {
          "num_tokens": 1,
          "num_reqs": 1,
          "uniform_token_count": 1
        }
      ]
    },
    {
      "depth": 5,
      "slots": 2,
      "role": "target",
      "capture_sizes": [
        1,
        2,
        6,
        12
      ],
      "actual_descriptors": [
        {
          "num_tokens": 12,
          "num_reqs": 2,
          "uniform_token_count": 6
        },
        {
          "num_tokens": 6,
          "num_reqs": 1,
          "uniform_token_count": 6
        }
      ]
    },
    {
      "depth": 5,
      "slots": 2,
      "role": "draft_prefill",
      "capture_sizes": [
        1,
        2,
        6,
        12
      ],
      "actual_descriptors": [
        {
          "num_tokens": 12,
          "num_reqs": 2,
          "uniform_token_count": 6
        },
        {
          "num_tokens": 6,
          "num_reqs": 1,
          "uniform_token_count": 6
        }
      ]
    },
    {
      "depth": 5,
      "slots": 2,
      "role": "draft_decode",
      "capture_sizes": [
        1,
        2,
        6,
        12
      ],
      "actual_descriptors": [
        {
          "num_tokens": 2,
          "num_reqs": 2,
          "uniform_token_count": 1
        },
        {
          "num_tokens": 1,
          "num_reqs": 1,
          "uniform_token_count": 1
        }
      ]
    },
    {
      "depth": 5,
      "slots": 4,
      "role": "target",
      "capture_sizes": [
        1,
        2,
        3,
        4,
        6,
        12,
        18,
        24
      ],
      "actual_descriptors": [
        {
          "num_tokens": 24,
          "num_reqs": 4,
          "uniform_token_count": 6
        },
        {
          "num_tokens": 18,
          "num_reqs": 3,
          "uniform_token_count": 6
        },
        {
          "num_tokens": 12,
          "num_reqs": 2,
          "uniform_token_count": 6
        },
        {
          "num_tokens": 6,
          "num_reqs": 1,
          "uniform_token_count": 6
        }
      ]
    },
    {
      "depth": 5,
      "slots": 4,
      "role": "draft_prefill",
      "capture_sizes": [
        1,
        2,
        3,
        4,
        6,
        12,
        18,
        24
      ],
      "actual_descriptors": [
        {
          "num_tokens": 24,
          "num_reqs": 4,
          "uniform_token_count": 6
        },
        {
          "num_tokens": 12,
          "num_reqs": 2,
          "uniform_token_count": 6
        },
        {
          "num_tokens": 6,
          "num_reqs": 1,
          "uniform_token_count": 6
        }
      ]
    },
    {
      "depth": 5,
      "slots": 4,
      "role": "draft_decode",
      "capture_sizes": [
        1,
        2,
        3,
        4,
        6,
        12,
        18,
        24
      ],
      "actual_descriptors": [
        {
          "num_tokens": 4,
          "num_reqs": 4,
          "uniform_token_count": 1
        },
        {
          "num_tokens": 2,
          "num_reqs": 2,
          "uniform_token_count": 1
        },
        {
          "num_tokens": 1,
          "num_reqs": 1,
          "uniform_token_count": 1
        }
      ]
    },
    {
      "depth": 5,
      "slots": 8,
      "role": "target",
      "capture_sizes": [
        1,
        2,
        3,
        4,
        5,
        6,
        7,
        8,
        12,
        18,
        24,
        30,
        36,
        42,
        48
      ],
      "actual_descriptors": [
        {
          "num_tokens": 48,
          "num_reqs": 8,
          "uniform_token_count": 6
        },
        {
          "num_tokens": 42,
          "num_reqs": 7,
          "uniform_token_count": 6
        },
        {
          "num_tokens": 36,
          "num_reqs": 6,
          "uniform_token_count": 6
        },
        {
          "num_tokens": 30,
          "num_reqs": 5,
          "uniform_token_count": 6
        },
        {
          "num_tokens": 24,
          "num_reqs": 4,
          "uniform_token_count": 6
        },
        {
          "num_tokens": 18,
          "num_reqs": 3,
          "uniform_token_count": 6
        },
        {
          "num_tokens": 12,
          "num_reqs": 2,
          "uniform_token_count": 6
        },
        {
          "num_tokens": 6,
          "num_reqs": 1,
          "uniform_token_count": 6
        }
      ]
    },
    {
      "depth": 5,
      "slots": 8,
      "role": "draft_prefill",
      "capture_sizes": [
        1,
        2,
        3,
        4,
        5,
        6,
        7,
        8,
        12,
        18,
        24,
        30,
        36,
        42,
        48
      ],
      "actual_descriptors": [
        {
          "num_tokens": 48,
          "num_reqs": 8,
          "uniform_token_count": 6
        },
        {
          "num_tokens": 24,
          "num_reqs": 4,
          "uniform_token_count": 6
        },
        {
          "num_tokens": 12,
          "num_reqs": 2,
          "uniform_token_count": 6
        },
        {
          "num_tokens": 6,
          "num_reqs": 1,
          "uniform_token_count": 6
        }
      ]
    },
    {
      "depth": 5,
      "slots": 8,
      "role": "draft_decode",
      "capture_sizes": [
        1,
        2,
        3,
        4,
        5,
        6,
        7,
        8,
        12,
        18,
        24,
        30,
        36,
        42,
        48
      ],
      "actual_descriptors": [
        {
          "num_tokens": 8,
          "num_reqs": 8,
          "uniform_token_count": 1
        },
        {
          "num_tokens": 4,
          "num_reqs": 4,
          "uniform_token_count": 1
        },
        {
          "num_tokens": 2,
          "num_reqs": 2,
          "uniform_token_count": 1
        },
        {
          "num_tokens": 1,
          "num_reqs": 1,
          "uniform_token_count": 1
        }
      ]
    }
  ]
}
