INFO 09-11 22:24:50 [import_utils.py:464] DeepEP v2 requires NCCL >= 2.30.4 but found 2.29.7. deepep_v2 backend will not be available.
{"prefix": "model.language_model.layers.3.mlp.experts.0.gate_proj.rank0", "raw_shape": [512, 4096], "raw_dtype": "torch.float16", "inferred_K": 2}
{"prefix": "model.language_model.layers.3.mlp.experts.0.up_proj.rank0", "raw_shape": [512, 4096], "raw_dtype": "torch.float16", "inferred_K": 2}
{"prefix": "model.language_model.layers.3.mlp.experts.0.down_proj.rank0", "raw_shape": [4096, 512], "raw_dtype": "torch.float16", "inferred_K": 2}
{"prefix": "model.language_model.layers.3.mlp.experts.0.gate_proj.rank1", "raw_shape": [512, 4096], "raw_dtype": "torch.float16", "inferred_K": 2}
{"prefix": "model.language_model.layers.3.mlp.experts.0.up_proj.rank1", "raw_shape": [512, 4096], "raw_dtype": "torch.float16", "inferred_K": 2}
{"prefix": "model.language_model.layers.3.mlp.experts.0.down_proj.rank1", "raw_shape": [4096, 512], "raw_dtype": "torch.float16", "inferred_K": 2}
{"prefix": "model.language_model.layers.3.mlp.experts.0.gate_proj.rank2", "raw_shape": [512, 4096], "raw_dtype": "torch.float16", "inferred_K": 2}
{"prefix": "model.language_model.layers.3.mlp.experts.0.up_proj.rank2", "raw_shape": [512, 4096], "raw_dtype": "torch.float16", "inferred_K": 2}
{"prefix": "model.language_model.layers.3.mlp.experts.0.down_proj.rank2", "raw_shape": [4096, 512], "raw_dtype": "torch.float16", "inferred_K": 2}
{"prefix": "model.language_model.layers.3.mlp.experts.0.gate_proj.rank3", "raw_shape": [512, 4096], "raw_dtype": "torch.float16", "inferred_K": 2}
{"prefix": "model.language_model.layers.3.mlp.experts.0.up_proj.rank3", "raw_shape": [512, 4096], "raw_dtype": "torch.float16", "inferred_K": 2}
{"prefix": "model.language_model.layers.3.mlp.experts.0.down_proj.rank3", "raw_shape": [4096, 512], "raw_dtype": "torch.float16", "inferred_K": 2}
{"prefix": "model.language_model.layers.5.mlp.experts.0.gate_proj.rank0", "raw_shape": [512, 4096], "raw_dtype": "torch.float16", "inferred_K": 3}
{"prefix": "model.language_model.layers.5.mlp.experts.0.up_proj.rank0", "raw_shape": [512, 4096], "raw_dtype": "torch.float16", "inferred_K": 3}
{"prefix": "model.language_model.layers.5.mlp.experts.0.down_proj.rank0", "raw_shape": [4096, 512], "raw_dtype": "torch.float16", "inferred_K": 3}
{"prefix": "model.language_model.layers.5.mlp.experts.0.gate_proj.rank1", "raw_shape": [512, 4096], "raw_dtype": "torch.float16", "inferred_K": 3}
{"prefix": "model.language_model.layers.5.mlp.experts.0.up_proj.rank1", "raw_shape": [512, 4096], "raw_dtype": "torch.float16", "inferred_K": 3}
{"prefix": "model.language_model.layers.5.mlp.experts.0.down_proj.rank1", "raw_shape": [4096, 512], "raw_dtype": "torch.float16", "inferred_K": 3}
{"prefix": "model.language_model.layers.5.mlp.experts.0.gate_proj.rank2", "raw_shape": [512, 4096], "raw_dtype": "torch.float16", "inferred_K": 3}
{"prefix": "model.language_model.layers.5.mlp.experts.0.up_proj.rank2", "raw_shape": [512, 4096], "raw_dtype": "torch.float16", "inferred_K": 3}
{"prefix": "model.language_model.layers.5.mlp.experts.0.down_proj.rank2", "raw_shape": [4096, 512], "raw_dtype": "torch.float16", "inferred_K": 3}
{"prefix": "model.language_model.layers.5.mlp.experts.0.gate_proj.rank3", "raw_shape": [512, 4096], "raw_dtype": "torch.float16", "inferred_K": 3}
{"prefix": "model.language_model.layers.5.mlp.experts.0.up_proj.rank3", "raw_shape": [512, 4096], "raw_dtype": "torch.float16", "inferred_K": 3}
{"prefix": "model.language_model.layers.5.mlp.experts.0.down_proj.rank3", "raw_shape": [4096, 512], "raw_dtype": "torch.float16", "inferred_K": 3}
{"prefix": "model.language_model.layers.32.mlp.experts.0.gate_proj.rank0", "raw_shape": [512, 4096], "raw_dtype": "torch.float16", "inferred_K": 3}
{"prefix": "model.language_model.layers.32.mlp.experts.0.up_proj.rank0", "raw_shape": [512, 4096], "raw_dtype": "torch.float16", "inferred_K": 3}
{"prefix": "model.language_model.layers.32.mlp.experts.0.down_proj.rank0", "raw_shape": [4096, 512], "raw_dtype": "torch.float16", "inferred_K": 3}
{"prefix": "model.language_model.layers.32.mlp.experts.0.gate_proj.rank1", "raw_shape": [512, 4096], "raw_dtype": "torch.float16", "inferred_K": 3}
{"prefix": "model.language_model.layers.32.mlp.experts.0.up_proj.rank1", "raw_shape": [512, 4096], "raw_dtype": "torch.float16", "inferred_K": 3}
{"prefix": "model.language_model.layers.32.mlp.experts.0.down_proj.rank1", "raw_shape": [4096, 512], "raw_dtype": "torch.float16", "inferred_K": 3}
{"prefix": "model.language_model.layers.32.mlp.experts.0.gate_proj.rank2", "raw_shape": [512, 4096], "raw_dtype": "torch.float16", "inferred_K": 3}
{"prefix": "model.language_model.layers.32.mlp.experts.0.up_proj.rank2", "raw_shape": [512, 4096], "raw_dtype": "torch.float16", "inferred_K": 3}
{"prefix": "model.language_model.layers.32.mlp.experts.0.down_proj.rank2", "raw_shape": [4096, 512], "raw_dtype": "torch.float16", "inferred_K": 3}
{"prefix": "model.language_model.layers.32.mlp.experts.0.gate_proj.rank3", "raw_shape": [512, 4096], "raw_dtype": "torch.float16", "inferred_K": 3}
{"prefix": "model.language_model.layers.32.mlp.experts.0.up_proj.rank3", "raw_shape": [512, 4096], "raw_dtype": "torch.float16", "inferred_K": 3}
{"prefix": "model.language_model.layers.32.mlp.experts.0.down_proj.rank3", "raw_shape": [4096, 512], "raw_dtype": "torch.float16", "inferred_K": 3}
{"prefix": "model.language_model.layers.44.mlp.experts.0.gate_proj.rank0", "raw_shape": [512, 4096], "raw_dtype": "torch.float16", "inferred_K": 2}
{"prefix": "model.language_model.layers.44.mlp.experts.0.up_proj.rank0", "raw_shape": [512, 4096], "raw_dtype": "torch.float16", "inferred_K": 2}
{"prefix": "model.language_model.layers.44.mlp.experts.0.down_proj.rank0", "raw_shape": [4096, 512], "raw_dtype": "torch.float16", "inferred_K": 2}
{"prefix": "model.language_model.layers.44.mlp.experts.0.gate_proj.rank1", "raw_shape": [512, 4096], "raw_dtype": "torch.float16", "inferred_K": 2}
{"prefix": "model.language_model.layers.44.mlp.experts.0.up_proj.rank1", "raw_shape": [512, 4096], "raw_dtype": "torch.float16", "inferred_K": 2}
{"prefix": "model.language_model.layers.44.mlp.experts.0.down_proj.rank1", "raw_shape": [4096, 512], "raw_dtype": "torch.float16", "inferred_K": 2}
{"prefix": "model.language_model.layers.44.mlp.experts.0.gate_proj.rank2", "raw_shape": [512, 4096], "raw_dtype": "torch.float16", "inferred_K": 2}
{"prefix": "model.language_model.layers.44.mlp.experts.0.up_proj.rank2", "raw_shape": [512, 4096], "raw_dtype": "torch.float16", "inferred_K": 2}
{"prefix": "model.language_model.layers.44.mlp.experts.0.down_proj.rank2", "raw_shape": [4096, 512], "raw_dtype": "torch.float16", "inferred_K": 2}
{"prefix": "model.language_model.layers.44.mlp.experts.0.gate_proj.rank3", "raw_shape": [512, 4096], "raw_dtype": "torch.float16", "inferred_K": 2}
{"prefix": "model.language_model.layers.44.mlp.experts.0.up_proj.rank3", "raw_shape": [512, 4096], "raw_dtype": "torch.float16", "inferred_K": 2}
{"prefix": "model.language_model.layers.44.mlp.experts.0.down_proj.rank3", "raw_shape": [4096, 512], "raw_dtype": "torch.float16", "inferred_K": 2}
{"state": "REAL_EXL3_RECONSTRUCTION_PASS", "slices": 48, "peak_allocated_bytes": 55396864}
