#0 building with "default" instance using docker driver

#1 [internal] load build definition from Dockerfile
#1 transferring dockerfile: 188B done
#1 WARN: InvalidDefaultArgInFrom: Default value for ARG ${BASE_IMAGE} results in empty or invalid base image name (line 2)
#1 DONE 0.0s

#2 [internal] load metadata for docker.io/library/glm53-b12x-exl3:mtp-nvfp4-packed-staged1
#2 DONE 0.0s

#3 [internal] load .dockerignore
#3 transferring context: 2B done
#3 DONE 0.0s

#4 [internal] load build context
#4 DONE 0.0s

#5 [1/3] FROM docker.io/library/glm53-b12x-exl3:mtp-nvfp4-packed-staged1@sha256:49e834851ff47ff01f3601122936f692cde75f253670aef0f895e44e40174ae0
#5 resolve docker.io/library/glm53-b12x-exl3:mtp-nvfp4-packed-staged1@sha256:49e834851ff47ff01f3601122936f692cde75f253670aef0f895e44e40174ae0 0.0s done
#5 DONE 0.0s

#4 [internal] load build context
#4 transferring context: 5.13kB done
#4 DONE 0.1s

#5 [1/3] FROM docker.io/library/glm53-b12x-exl3:mtp-nvfp4-packed-staged1@sha256:49e834851ff47ff01f3601122936f692cde75f253670aef0f895e44e40174ae0
#5 DONE 2.8s

#6 [2/3] COPY b12x_warmup.py PINS.json install.py /opt/glm53-mtp-warmup-r2/
#6 DONE 0.1s

#7 [3/3] RUN python3 /opt/glm53-mtp-warmup-r2/install.py
#7 0.120 {"state": "INSTALLED_SERVING_UNTESTED", "base_image": "sha256:49e834851ff47ff01f3601122936f692cde75f253670aef0f895e44e40174ae0", "relative_path": "model_executor/warmup/b12x_warmup.py", "before_sha256": "fd478179ab2e3e8e98a7cac6877113e87e5e0906e7d826e74024b430fdb49174", "after_sha256": "6464968ac264202994beb584bb549bf6d8ff7ae274e5d28543ff09f34713eea7"}
#7 DONE 0.1s

#8 exporting to image
#8 exporting layers
#8 exporting layers 0.2s done
#8 exporting manifest sha256:1539fd1215882d4b38b9a9db58db823b6550544bce1757310dfe747535b2773b 0.0s done
#8 exporting config sha256:537756424eb7113cf7e91c0373fa5fa5d7fe3363967e07889cded4fa352cf019 0.0s done
#8 exporting attestation manifest sha256:ed213d9dc2bf07c678bc8de5dfa5c351bd654aafd1274c69dbce2aabbeed1ae6 0.0s done
#8 exporting manifest list sha256:6c6581ea1454f013fa57f7c012532bf9a2c72a5a22ab55e20f51ca46df80bf8e
#8 exporting manifest list sha256:6c6581ea1454f013fa57f7c012532bf9a2c72a5a22ab55e20f51ca46df80bf8e 0.0s done
#8 naming to docker.io/library/glm53-b12x-exl3:mtp-nvfp4-warmup-r2 done
#8 unpacking to docker.io/library/glm53-b12x-exl3:mtp-nvfp4-warmup-r2 0.1s done
#8 DONE 0.6s

 [33m1 warning found (use docker --debug to expand):
[0m - InvalidDefaultArgInFrom: Default value for ARG ${BASE_IMAGE} results in empty or invalid base image name (line 2)
