#0 building with "default" instance using docker driver

#1 [internal] load build definition from Dockerfile
#1 transferring dockerfile: 188B done
#1 WARN: InvalidDefaultArgInFrom: Default value for ARG ${BASE_IMAGE} results in empty or invalid base image name (line 2)
#1 DONE 0.0s

#2 [internal] load metadata for docker.io/library/sha256:49e834851ff47ff01f3601122936f692cde75f253670aef0f895e44e40174ae0
#2 ERROR: pull access denied, repository does not exist or may require authorization: server message: insufficient_scope: authorization failed
------
 > [internal] load metadata for docker.io/library/sha256:49e834851ff47ff01f3601122936f692cde75f253670aef0f895e44e40174ae0:
------

 [33m1 warning found (use docker --debug to expand):
[0m - InvalidDefaultArgInFrom: Default value for ARG ${BASE_IMAGE} results in empty or invalid base image name (line 2)
Dockerfile:2
--------------------
   1 |     ARG BASE_IMAGE
   2 | >>> FROM ${BASE_IMAGE}
   3 |     COPY b12x_warmup.py PINS.json install.py /opt/glm53-mtp-warmup-r2/
   4 |     RUN python3 /opt/glm53-mtp-warmup-r2/install.py
--------------------
ERROR: failed to build: failed to solve: sha256:49e834851ff47ff01f3601122936f692cde75f253670aef0f895e44e40174ae0: failed to resolve source metadata for docker.io/library/sha256:49e834851ff47ff01f3601122936f692cde75f253670aef0f895e44e40174ae0: pull access denied, repository does not exist or may require authorization: server message: insufficient_scope: authorization failed
