+ W=/home/valentine/e216
+ DST=/home/valentine/models/glm53-3p05-pruned-e216
++ date -u +%FT%TZ
+ echo '### preserve attempt1 evidence 2026-09-14T20:31:06Z'
### preserve attempt1 evidence 2026-09-14T20:31:06Z
+ docker logs glm53-e216
+ echo 'log exit=0'
log exit=0
+ echo '### attempt1 verdict: READY-path but max_total_num_tokens < 262144 required (known profiling variance; S216/T216/R216 relaunches all recovered); relaunching once'
### attempt1 verdict: READY-path but max_total_num_tokens < 262144 required (known profiling variance; S216/T216/R216 relaunches all recovered); relaunching once
+ docker stop glm53-e216
glm53-e216
+ echo 'stop exit=0'
stop exit=0
+ docker rm glm53-e216
glm53-e216
+ echo 'rm exit=0'
rm exit=0
+ echo '### relaunch glm53-e216 (attempt 2)'
### relaunch glm53-e216 (attempt 2)
+ docker run -d --name glm53-e216 -v /home/valentine/models/glm53-3p05-pruned-e216:/model:ro -v /tmp/e216-receipts:/receipts:ro -p 8000:8000 --gpus all --shm-size=16g --entrypoint python3 glm53-flash-sglang-exl3-plain:serve4-pruned -m sglang.launch_server --model-path /model --host 0.0.0.0 --port 8000 --quantization exl3 --tp-size 1 --ep-size 1 --context-length 262144 --kv-cache-dtype fp8_e4m3 --attention-backend dsa --dsa-prefill-backend flashinfer_sparse_mla --dsa-decode-backend flashinfer_sparse_mla --linear-attn-backend triton --disable-shared-experts-fusion --chunked-prefill-size 256 --max-prefill-tokens 256 --max-running-requests 1 --mem-fraction-static 0.90 --enable-multimodal --chat-template /model/chat_template.jinja --reasoning-parser glm45 --tool-call-parser glm47 --disable-cuda-graph
6d9b24bf94c09b4fa7716179aedde7ab57f873e5dff644260a3857a8dbd65365
+ echo 'launch exit=0'
launch exit=0
++ date -u +%FT%TZ
+ echo 'SERVE2_LAUNCHED 2026-09-14T20:31:20Z'
SERVE2_LAUNCHED 2026-09-14T20:31:20Z
