  model-00001-of-00015.safetensors: 6386 tensors ok, 0 problems [94s]
  model-00002-of-00015.safetensors: 8031 tensors ok, 0 problems [94s]
  model-00003-of-00015.safetensors: 7917 tensors ok, 0 problems [94s]
  model-00004-of-00015.safetensors: 7995 tensors ok, 0 problems [94s]
  model-00005-of-00015.safetensors: 7863 tensors ok, 0 problems [94s]
  model-00006-of-00015.safetensors: 8072 tensors ok, 0 problems [94s]
  model-00007-of-00015.safetensors: 7960 tensors ok, 0 problems [94s]
  model-00008-of-00015.safetensors: 7827 tensors ok, 0 problems [94s]
  model-00009-of-00015.safetensors: 7935 tensors ok, 0 problems [94s]
  model-00010-of-00015.safetensors: 8115 tensors ok, 0 problems [94s]
  model-00011-of-00015.safetensors: 7857 tensors ok, 0 problems [94s]
  model-00012-of-00015.safetensors: 7971 tensors ok, 0 problems [94s]
  model-00013-of-00015.safetensors: 8019 tensors ok, 0 problems [94s]
  model-00014-of-00015.safetensors: 7483 tensors ok, 0 problems [94s]
  model-00015-of-00015.safetensors: 2305 tensors ok, 0 problems [94s]
{
 "schema": "dynamic-container-g2-v1",
 "point_id": "E216",
 "plan_sha256": "37fa10fdee35c0747f954f1f2a818028e621d62acfe40851a71aa59085ede9bc",
 "pass": true,
 "expert_bytes_from_headers": 9474060,
 "router_row_bytes_from_headers": 8196,
 "expected_index_total_size": 96485484504,
 "extra_index_files": [
  "kpool_aux.safetensors",
  "mtp.safetensors"
 ],
 "extra_index_tensor_bytes": 2873724964,
 "index_total_size": 96485484504,
 "tensors_verified": 111736,
 "bytes_verified": 93611759540,
 "problems": [],
 "elapsed_s": 98.1,
 "finished_utc": "2026-09-14T20:21:46Z"
}
