packing 15 shards with 5 workers
  model-00005-of-00015.safetensors: 6,577,762,212 B sha256=b9c69557232b8a78 removed=2544 renamed=7892 sliced=6 [24s]
  model-00004-of-00015.safetensors: 6,445,103,524 B sha256=de25af63f864256d removed=2712 renamed=7724 sliced=6 [24s]
  model-00003-of-00015.safetensors: 6,522,724,648 B sha256=bbc282f504aa013f removed=2616 renamed=7836 sliced=6 [24s]
  model-00002-of-00015.safetensors: 6,587,230,928 B sha256=205ff3af63abffe3 removed=2532 renamed=7904 sliced=6 [24s]
  model-00001-of-00015.safetensors: 6,911,266,500 B sha256=3b23bc2fed6140cd removed=2124 renamed=6203 sliced=4 [26s]
  model-00007-of-00015.safetensors: 6,519,558,624 B sha256=827c587960e24c30 removed=2623 renamed=7829 sliced=6 [48s]
  model-00006-of-00015.safetensors: 6,511,432,848 B sha256=79f4163eb6f19364 removed=2628 renamed=7808 sliced=6 [48s]
  model-00008-of-00015.safetensors: 6,552,506,552 B sha256=d14c303d71b16e49 removed=2573 renamed=7863 sliced=6 [50s]
  model-00009-of-00015.safetensors: 6,501,957,156 B sha256=88ee6ad5ec95001f removed=2640 renamed=7796 sliced=6 [51s]
  model-00010-of-00015.safetensors: 6,489,310,528 B sha256=23ac94716f29622c removed=2659 renamed=7777 sliced=6 [53s]
  model-00015-of-00015.safetensors: 1,717,450,824 B sha256=4b23c304fa4a932c removed=432 renamed=1277 sliced=2 [62s]
  model-00012-of-00015.safetensors: 6,520,908,476 B sha256=61a1d7bf423b0627 removed=2616 renamed=7820 sliced=6 [78s]
  model-00011-of-00015.safetensors: 6,592,230,444 B sha256=6ca28b997c5529e8 removed=2525 renamed=7927 sliced=6 [79s]
  model-00013-of-00015.safetensors: 6,549,335,360 B sha256=ed1c45b0234466c5 removed=2580 renamed=7856 sliced=6 [80s]
  model-00014-of-00015.safetensors: 6,627,469,076 B sha256=9b353b47aa997e9d removed=2484 renamed=7352 sliced=6 [80s]
  copied LICENSE 1,070 B
  copied README.md 7,238 B
  copied chat_template.jinja 8,617 B
  copied generation_config.json 194 B
  copied kpool_aux.safetensors 11,548,768 B
  copied mtp.safetensors 2,862,645,889 B
  copied processor_config.json 909 B
  copied quantization_config.json 47,905,678 B
  copied tokenizer.json 20,217,442 B
  copied tokenizer_config.json 761 B
{
 "schema": "dynamic-container-manifest-v1",
 "point_id": "S216",
 "packer_version": "u216-packer-v1",
 "packer_sha256": "8d9eeb2b256657d1e8582b4981f3a197907ed33f6972c6f45957db6db5ab223f",
 "plan_sha256": "4aa4018b9e9892bec7dc10164cd74c89298f3b8661eb08a5e291c1066a2dd897",
 "plan_file_sha256": "90f568416cac2d2a1001b996d658c4bb00e06aa0e86c3707098edabc4fbfc0c0",
 "base": {
  "branch": "3.05bpw",
  "repo": "turboderp/GLM-5.3-Flash-exl3",
  "revision": "332ab457b709b7ba30dd9a448be5de03b80a7ac9",
  "total_bytes": 125263712676,
  "source_dir": "/home/valentine/models/turboderp-glm53-flash-exl3-3p05bpw",
  "index_total_size": 122286101684
 },
 "output_dir": "/home/valentine/models/glm53-3p05-pruned-s216",
 "index_total_size": 93611759540,
 "removed_experts": 3024,
 "removed_tensor_bytes": 28674342144,
 "bytes_per_removed_expert_incl_router_row": 9482256.0,
 "config_patch_keys": [
  "text_config.n_routed_experts",
  "text_config.routed_experts_per_layer",
  "text_config.retained_expert_ids_by_layer",
  "text_config.dynamic_container"
 ],
 "total_output_bytes": 96580353405,
 "started_utc": "2026-09-13T21:00:33Z",
 "finished_utc": "2026-09-13T21:02:01Z",
 "elapsed_s": 87.7,
 "g2_verified": false
}
