  model-00001-of-00015.safetensors: 6422 tensors ok, 0 problems [86s]
  model-00002-of-00015.safetensors: 7971 tensors ok, 0 problems [86s]
  model-00003-of-00015.safetensors: 8013 tensors ok, 0 problems [86s]
  model-00004-of-00015.safetensors: 7875 tensors ok, 0 problems [86s]
  model-00005-of-00015.safetensors: 8019 tensors ok, 0 problems [86s]
  model-00006-of-00015.safetensors: 7911 tensors ok, 0 problems [86s]
  model-00007-of-00015.safetensors: 8061 tensors ok, 0 problems [86s]
  model-00008-of-00015.safetensors: 7767 tensors ok, 0 problems [86s]
  model-00009-of-00015.safetensors: 8007 tensors ok, 0 problems [86s]
  model-00010-of-00015.safetensors: 7971 tensors ok, 0 problems [86s]
  model-00011-of-00015.safetensors: 8001 tensors ok, 0 problems [86s]
  model-00012-of-00015.safetensors: 7959 tensors ok, 0 problems [86s]
  model-00013-of-00015.safetensors: 7984 tensors ok, 0 problems [86s]
  model-00014-of-00015.safetensors: 7506 tensors ok, 0 problems [86s]
  model-00015-of-00015.safetensors: 2269 tensors ok, 0 problems [86s]
{
 "schema": "dynamic-container-g2-v1",
 "point_id": "U216",
 "plan_sha256": "3e3596a8378df519fd95c5f6ec5dbaa8805b10f559a2a060e2adc8ad2b7b09a5",
 "pass": true,
 "expert_bytes_from_headers": 9474060,
 "router_row_bytes_from_headers": 8196,
 "expected_index_total_size": 96485484504,
 "extra_index_files": [
  "kpool_aux.safetensors",
  "mtp.safetensors"
 ],
 "extra_index_tensor_bytes": 2873724964,
 "index_total_size": 96485484504,
 "tensors_verified": 111736,
 "bytes_verified": 93611759540,
 "problems": [],
 "elapsed_s": 93.9,
 "finished_utc": "2026-09-13T18:06:37Z"
}
